// Jest Snapshot v1, https://goo.gl/fbAQLP

exports[`<AutoComplete /> snapshot check 1`] = `
<DocumentFragment>
  <div
    aria-expanded="false"
    class="MuiAutocomplete-root MuiAutocomplete-fullWidth"
    role="combobox"
  >
    <div
      class="MuiFormControl-root MuiTextField-root MuiFormControl-fullWidth"
    >
      <div
        class="MuiInputBase-root MuiInput-root MuiInput-underline makeStyles-input-2 MuiInputBase-fullWidth MuiInput-fullWidth MuiInputBase-formControl MuiInput-formControl MuiInputBase-adornedEnd"
      >
        <input
          aria-autocomplete="both"
          aria-invalid="false"
          aria-label="Testing placeholder"
          autocapitalize="none"
          autocomplete="off"
          class="MuiInputBase-input MuiInput-input MuiAutocomplete-input MuiAutocomplete-inputFocused MuiInputBase-inputAdornedEnd"
          id="search"
          placeholder="Testing placeholder"
          spellcheck="false"
          type="text"
          value=""
        />
        <div
          class="MuiAutocomplete-endAdornment"
        />
      </div>
    </div>
  </div>
</DocumentFragment>
`;
